Forward strand variant	7
Invalid variant for harmonisation	3
No VCF record found	9
Palindormic variant	7
Reverse strand variant	4
